#-----------------------------------------------------------
# Webtalk v2018.3 (64-bit)
# SW Build 2405991 on Thu Dec  6 23:36:41 MST 2018
# IP Build 2404404 on Fri Dec  7 01:43:56 MST 2018
# Start of session at: Fri Feb 14 15:19:30 2020
# Process ID: 65822
# Current directory: /home/fky/code/HDL/VIVADO_PROJECT/CH4-1-mips32/vivado/vivado.sim/sim_1/synth/func/xsim
# Command line: wbtcv -mode batch -source /home/fky/code/HDL/VIVADO_PROJECT/CH4-1-mips32/vivado/vivado.sim/sim_1/synth/func/xsim/xsim.dir/openmips_min_sopc_tb_func_synth/webtalk/xsim_webtalk.tcl -notrace
# Log file: /home/fky/code/HDL/VIVADO_PROJECT/CH4-1-mips32/vivado/vivado.sim/sim_1/synth/func/xsim/webtalk.log
# Journal file: /home/fky/code/HDL/VIVADO_PROJECT/CH4-1-mips32/vivado/vivado.sim/sim_1/synth/func/xsim/webtalk.jou
#-----------------------------------------------------------
source /home/fky/code/HDL/VIVADO_PROJECT/CH4-1-mips32/vivado/vivado.sim/sim_1/synth/func/xsim/xsim.dir/openmips_min_sopc_tb_func_synth/webtalk/xsim_webtalk.tcl -notrace
